// Jest Snapshot v1, https://goo.gl/fbAQLP

exports[`<App /> match with the screenshot 1`] = `
<body>
  <div />
</body>
`;
